// Jest Snapshot v1, https://goo.gl/fbAQLP

exports[`ChannelCard renders correctly 1`] = `
<router-link-stub
  to="[object Object]"
>
  <div
    class="channel-card"
  >
    <div
      class="channel-card__thumbnail"
    >
      <img
        alt="channel-thumbnail"
        src="url"
      />
    </div>
     
    <div
      class="channel-card__details"
    >
      <h4
        class="channel-card__details__title"
      >
        title
      </h4>
       
      <p
        class="channel-card__details__sub-count"
      >
        
        0 subscribers • 
        <span>
          0 videos
        </span>
      </p>
       
      <p
        class="channel-card__details__description"
      >
        description
      </p>
    </div>
  </div>
</router-link-stub>
`;
